{
  "agent_id": "the-synthesist",
  "version": "v1.0",
  "timestamp": "2025-10-10T12:30:00Z",
  "report_type": "synthesis",
  "content": {
    "frames": [
      {
        "id": "frame_bundle_optimization",
        "name": "Bundle Size Reduction Pipeline",
        "idea_ids": ["idea_code_splitting", "idea_cdn_migration", "idea_memoization"],
        "unifying_principle": "Systematically reduce JavaScript bundle size through code splitting, eliminate redundant computation through memoization, and deliver optimized bundles via CDN edge caching. This frame addresses the root cause: 2.8MB compressed bundle creating 4.2s LCP.",
        "implementation_path": {
          "phases": [
            {
              "name": "Phase 1: Analysis",
              "description": "Use webpack-bundle-analyzer to identify largest chunks. Profile with React DevTools to find expensive re-renders. Establish baseline metrics.",
              "dependencies": []
            },
            {
              "name": "Phase 2: Quick Wins",
              "description": "Implement route-based code splitting (3-5 main routes), add React.memo() to top 10 expensive components, configure CloudFront with optimal cache headers.",
              "dependencies": ["Phase 1: Analysis"]
            },
            {
              "name": "Phase 3: Deep Optimization",
              "description": "Component-level code splitting for heavy libraries (Recharts, TanStack Table), comprehensive useMemo/useCallback audit, CDN performance monitoring.",
              "dependencies": ["Phase 2: Quick Wins"]
            }
          ],
          "estimated_effort": "weeks",
          "key_risks": [
            "Code splitting may introduce too many loading states causing poor UX",
            "Aggressive CDN caching may cause stale asset problems during deployments",
            "Memoization complexity increases cognitive load for team with limited experience"
          ]
        },
        "frame_strength": 0.9
      },
      {
        "id": "frame_progressive_enhancement",
        "name": "Progressive Loading Experience",
        "idea_ids": ["idea_skeleton_screens", "idea_progressive_images", "idea_prefetch_hover", "idea_code_splitting"],
        "unifying_principle": "Transform user perception of performance through progressive disclosure. Instead of blocking on full content load, show meaningful UI immediately and enhance progressively. Addresses perceived performance gap where actual metrics may lag technical constraints.",
        "implementation_path": {
          "phases": [
            {
              "name": "Phase 1: Skeleton Framework",
              "description": "Design and implement skeleton screens for all major dashboard components. Ensure skeleton dimensions match actual content to prevent CLS.",
              "dependencies": []
            },
            {
              "name": "Phase 2: Image Optimization",
              "description": "Set up image processing pipeline for blur-up placeholders and WebP conversion. Implement Intersection Observer for lazy loading below fold.",
              "dependencies": []
            },
            {
              "name": "Phase 3: Intelligent Prefetching",
              "description": "Implement hover-based route prefetching with analytics tracking. Use requestIdleCallback for background preloading of likely next pages.",
              "dependencies": ["Phase 1: Skeleton Framework"]
            }
          ],
          "estimated_effort": "weeks",
          "key_risks": [
            "Skeleton screens may create false sense of speed without addressing underlying issues",
            "Prefetching could waste bandwidth on incorrect predictions (hover without click)",
            "CLS risk if skeleton dimensions don't match final content exactly"
          ]
        },
        "frame_strength": 0.85
      },
      {
        "id": "frame_computational_offloading",
        "name": "Thread-Aware Data Processing",
        "idea_ids": ["idea_web_workers", "idea_virtual_scrolling", "idea_memoization"],
        "unifying_principle": "Eliminate main thread blocking by intelligently distributing computational load. Web Workers handle heavy data processing in parallel, virtual scrolling reduces DOM workload, memoization prevents redundant calculation. Directly targets 280ms FID metric.",
        "implementation_path": {
          "phases": [
            {
              "name": "Phase 1: Thread Profiling",
              "description": "Instrument dashboard with Performance API to identify main thread blocking tasks. Measure FID in production across user segments.",
              "dependencies": []
            },
            {
              "name": "Phase 2: Virtual Scrolling",
              "description": "Replace TanStack Table default renderer with @tanstack/react-virtual for tables with >100 rows. Implement fixed height rows first, dynamic heights in follow-up.",
              "dependencies": ["Phase 1: Thread Profiling"]
            },
            {
              "name": "Phase 3: Worker Migration",
              "description": "Move CSV parsing, data aggregation, and date filtering to dedicated Web Workers. Implement message passing protocol and fallback for IE11.",
              "dependencies": ["Phase 1: Thread Profiling"]
            }
          ],
          "estimated_effort": "weeks",
          "key_risks": [
            "Web Worker serialization overhead may negate benefits for smaller datasets",
            "Virtual scrolling breaks accessibility for screen reader users",
            "IE11 Web Worker support is limited and may require polyfills or degraded experience"
          ]
        },
        "frame_strength": 0.82
      },
      {
        "id": "frame_architecture_evolution",
        "name": "Server-First Rendering Strategy (Future)",
        "idea_ids": ["idea_server_components", "idea_service_worker", "idea_cdn_migration"],
        "unifying_principle": "Paradigm shift from client-heavy SPA to hybrid server/client rendering. React Server Components handle data-heavy dashboard sections server-side, service workers cache aggressively for instant repeat visits, CDN delivers optimized assets. This represents architectural evolution beyond quick fixes.",
        "implementation_path": {
          "phases": [
            {
              "name": "Phase 1: Infrastructure Prep",
              "description": "Upgrade to Next.js 13+ app directory. Configure Lambda@Edge for SSR streaming. Set up service worker with Workbox for progressive enhancement.",
              "dependencies": []
            },
            {
              "name": "Phase 2: Pilot Migration",
              "description": "Convert one low-risk dashboard page to RSC architecture. Measure performance impact, identify migration patterns, document learnings.",
              "dependencies": ["Phase 1: Infrastructure Prep"]
            },
            {
              "name": "Phase 3: Gradual Rollout",
              "description": "Migrate remaining dashboard sections incrementally. Maintain hybrid client/server components during transition period.",
              "dependencies": ["Phase 2: Pilot Migration"]
            }
          ],
          "estimated_effort": "months",
          "key_risks": [
            "RSC still experimental, production stability unknown and risky for enterprise customers",
            "Team has zero SSR experience, steep learning curve will slow feature development",
            "12-week timeline insufficient for full migration, may need to defer to Q2 2026",
            "Backend Lambda architecture may need significant rework for streaming SSR"
          ]
        },
        "frame_strength": 0.65
      }
    ],
    "synthesis_rationale": "Organized 10 ideas into 4 frames spanning tactical to strategic interventions. Frame 1 (Bundle Optimization) and Frame 2 (Progressive Enhancement) are low-risk, high-ROI approaches achievable within 12-week timeline. Frame 3 (Computational Offloading) targets specific FID metric through architectural improvements. Frame 4 (Architecture Evolution) represents future direction but flagged as high-risk given team constraints and timeline. Deliberately surfaced false tradeoff: teams often believe performance optimization hurts developer experience, but modern tooling (code splitting, memoization, progressive enhancement) actually improves both when implemented thoughtfully.",
    "cross_frame_synergies": [
      {
        "frame_ids": ["frame_bundle_optimization", "frame_progressive_enhancement"],
        "synergy_description": "Code splitting enables skeleton screens to show instantly for split routes. CDN optimization accelerates delivery of progressive image assets. Combined impact: faster first paint + better perceived performance."
      },
      {
        "frame_ids": ["frame_computational_offloading", "frame_bundle_optimization"],
        "synergy_description": "Virtual scrolling reduces DOM nodes requiring memoization checks. Web Workers enable aggressive memoization of worker-computed results. Combined impact: smaller bundles + smoother interactions."
      },
      {
        "frame_ids": ["frame_architecture_evolution", "frame_progressive_enhancement"],
        "synergy_description": "Service workers cache server-rendered HTML shells. RSC reduces client JavaScript enabling more aggressive prefetching. Combined impact: instant repeat visits + near-zero latency navigation."
      }
    ]
  },
  "metadata": {
    "synthesis_approach": "Bottom-up clustering by shared mechanisms, then top-down framing by strategic coherence. Prioritized frames by feasibility (timeline/team constraints) and impact (metric targets).",
    "coverage_analysis": "All 10 ideas incorporated across 4 frames. Frame 1 and Frame 2 include 3-4 ideas each for comprehensive tactical approach. Frame 3 focused on specific FID problem. Frame 4 captures experimental/future ideas not suitable for immediate implementation.",
    "false_tradeoff_identified": "Performance vs Developer Experience - modern React tooling enables simultaneous optimization of both dimensions when implemented with proper abstractions and team training"
  }
}
