{
  "agent": "the-synthesist",
  "scenario": "Synthesis of mobile engagement ideas into coherent strategic frames",
  "description": "Golden example for convergent synthesis with 100% idea coverage and false tradeoff identification",
  "inputs": {
    "ideation_report": "creative-catalyst-output.golden.json",
    "synthesis_target": 3,
    "coverage_requirement": "100% of input ideas",
    "identify_false_tradeoffs": true
  },
  "expected_output": {
    "agent_id": "the-synthesist",
    "version": "v1.0",
    "timestamp": "2025-10-10T16:15:00Z",
    "report_type": "synthesis",
    "content": {
      "frames": [
        {
          "id": "frame_authentic_connection",
          "name": "Authentic Connection Over Performative Engagement",
          "idea_ids": [
            "idea_social_vulnerability",
            "idea_anti_metrics",
            "idea_failure_celebration",
            "idea_collaborative_content"
          ],
          "unifying_principle": "Create retention through genuine human connection and authenticity rather than gamified metrics and social comparison. Users return because they feel psychologically safe, seen, and valued for their authentic selves - not because they're chasing numbers or streaks. This frame rejects performative social mechanics in favor of vulnerability, collaboration, and qualitative impact.",
          "implementation_path": {
            "phases": [
              {
                "name": "Phase 1: Remove Vanity Metrics",
                "description": "Strip out all visible quantitative metrics (likes, followers, streaks, counts). Replace metric displays with qualitative feedback templates. Implement A/B test with control group retaining metrics to measure impact on anxiety and satisfaction scores."
              },
              {
                "name": "Phase 2: Build Vulnerability Spaces",
                "description": "Create ephemeral 24-hour vulnerability sharing spaces with heavy moderation tooling. Implement content safety AI, user reporting, and human review queues. Launch with invite-only beta to high-trust users first."
              },
              {
                "name": "Phase 3: Collaborative Creation Engine",
                "description": "Build asynchronous multi-user content co-creation system with attribution, version history, and contribution tracking. Design flow for initiating collaborations and managing permissions. Test with creative community segments first."
              },
              {
                "name": "Phase 4: Failure Celebration System",
                "description": "Implement attempt tracking, failure data visualization, and positive reinforcement messaging. Create 'tries' leaderboard celebrating effort over outcome. Design messaging carefully to avoid demotivation through user research and iterative testing."
              }
            ],
            "estimated_effort": "quarters",
            "key_risks": [
              "Removing metrics might decrease short-term engagement before authentic connection takes hold (3-6 month valley of despair)",
              "Vulnerability spaces require exceptional moderation to prevent toxicity and maintain psychological safety",
              "Collaborative creation may frustrate users expecting quick solo posting - needs careful UX to reduce friction",
              "Cultural shift from performative to authentic requires strong brand positioning and user education"
            ]
          },
          "frame_strength": 0.85
        },
        {
          "id": "frame_contextual_intelligence",
          "name": "Contextual Intelligence and Adaptive Experiences",
          "idea_ids": [
            "idea_reverse_onboarding",
            "idea_curiosity_loops",
            "idea_time_based_transformation",
            "idea_offline_first_delight"
          ],
          "unifying_principle": "Build retention through intelligent adaptation to user context, energy, and readiness rather than constant always-on engagement. The app becomes smarter about when to reveal features, what mode to present, and how to work within connectivity constraints. Intelligence replaces noise - the system learns user patterns and adapts to serve them better over time.",
          "implementation_path": {
            "phases": [
              {
                "name": "Phase 1: Behavioral Analytics Infrastructure",
                "description": "Implement privacy-preserving behavioral analytics to track user interaction patterns, confusion signals (hesitation, repeated clicks), energy patterns by time of day, and offline usage patterns. Build ML pipeline for pattern detection and prediction."
              },
              {
                "name": "Phase 2: Progressive Disclosure Engine",
                "description": "Create feature-hiding system with behavior-triggered reveals. Design celebration moments for earned discoveries. Build admin tools for configuring reveal conditions per feature. Start with non-critical features and measure discovery rates and satisfaction."
              },
              {
                "name": "Phase 3: Chronotype Adaptation",
                "description": "Design multiple interface modes (minimal morning, rich evening) with smooth transitions. Implement ML model to learn individual user chronotypes and energy patterns. Build A/B testing framework to measure impact on session quality and retention by time of day.",
                "dependencies": ["Phase 1: Behavioral Analytics Infrastructure"]
              },
              {
                "name": "Phase 4: Offline-First Architecture",
                "description": "Rebuild core features to work offline-first with robust local storage. Design offline-exclusive features and capabilities. Implement sophisticated sync conflict resolution. Create 'offline mode' as premium positioning rather than degraded experience."
              }
            ],
            "estimated_effort": "quarters",
            "key_risks": [
              "Behavioral analytics requires significant privacy safeguards and clear user communication to avoid creepiness",
              "Progressive disclosure might hide critical features users need immediately, causing early drop-off",
              "Chronotype adaptation requires substantial engineering effort for multiple interface modes",
              "Offline-first architecture is expensive to build and requires rethinking entire data model"
            ]
          },
          "frame_strength": 0.82
        },
        {
          "id": "frame_intentional_boundaries",
          "name": "Intentional Boundaries and Respectful Engagement",
          "idea_ids": [
            "idea_earned_notifications",
            "idea_scheduled_unavailability"
          ],
          "unifying_principle": "Build retention through respecting user boundaries and treating their attention as sacred rather than infinite resource to exploit. Users return because the app respects their time, creates healthy usage patterns, and positions itself as ally in digital wellness rather than adversary in attention economy. Scarcity and boundaries increase perceived value and trust.",
          "implementation_path": {
            "phases": [
              {
                "name": "Phase 1: Earned Notification System",
                "description": "Build permission-based notification framework where users start with zero notifications and must explicitly opt-in to categories. Create engagement tracking per notification type to enforce 'contract' (lose privilege if consistently ignored). Design clear explanation UI for why this approach respects users."
              },
              {
                "name": "Phase 2: Notification Accountability Dashboard",
                "description": "Create user dashboard showing notification engagement rates, ignored notifications, and earned/lost privileges. Implement analytics to identify notification fatigue patterns. Build admin tools for creating new notification categories with required engagement thresholds."
              },
              {
                "name": "Phase 3: Scheduled Downtime Design",
                "description": "Implement intentional unavailability during configured hours (default 10pm-6am) with beautiful 'closed' screens. Build reflection gate for overrides that requires brief written explanation. Design UI that positions downtime as feature, not limitation."
              },
              {
                "name": "Phase 4: Personalized Boundary Learning",
                "description": "Implement ML system to learn user patterns and suggest personalized downtime schedules. Create gentle nudges when usage patterns indicate unhealthy behavior. Build opt-in digital wellness features (usage limits, screen time tracking) positioned as pro-user tools.",
                "dependencies": ["Phase 3: Scheduled Downtime Design"]
              }
            ],
            "estimated_effort": "months",
            "key_risks": [
              "Users might immediately switch to always-available competitor apps, especially in early days before trust is established",
              "Earned notifications reduce immediate engagement, potentially hurting metrics in short term before retention improves",
              "Scheduled unavailability requires strong brand positioning and user education to avoid backlash",
              "Emergency access scenarios (critical notifications during downtime) need careful exception design",
              "Competitors may position our boundaries as limitations rather than features"
            ]
          },
          "frame_strength": 0.78
        }
      ],
      "synthesis_rationale": "These three frames emerged from analyzing the 10 creative-catalyst ideas through the lens of user psychology and retention drivers. Frame 1 (Authentic Connection) clusters the social and emotional ideas around vulnerability and non-performative engagement. Frame 2 (Contextual Intelligence) groups the adaptive and context-aware ideas that make the app smarter over time. Frame 3 (Intentional Boundaries) combines the respect and scarcity ideas that position the app as pro-user.\n\nKey insight: These frames represent a coherent counter-narrative to standard mobile engagement playbooks. Instead of maximizing time-in-app through addictive mechanics, this strategy builds retention through respect, intelligence, and authenticity. The frames can be implemented sequentially or in parallel, with Frame 3 (Intentional Boundaries) being fastest to implement and providing early differentiation.\n\nFalse tradeoff identified: 'Engagement vs. User Wellbeing' - Traditional thinking assumes you must choose between high engagement and user health. These frames prove you can build sustainable long-term retention by explicitly prioritizing wellbeing, boundaries, and authentic connection. Users who feel respected and psychologically safe will return more consistently than users manipulated by dark patterns, even if individual session times are shorter.\n\nAll 10 ideas are covered with clear attribution. The frames are independently coherent but also synergistic - implementing multiple frames together creates a distinctive product positioning in the market.",
      "cross_frame_synergies": [
        {
          "frame_ids": ["frame_authentic_connection", "frame_intentional_boundaries"],
          "synergy_description": "Authentic connection works better when bounded by intentional downtime - vulnerability requires safety, and safety includes knowing when you won't be disturbed. Scheduled unavailability creates anticipation that makes connection moments more valuable when available."
        },
        {
          "frame_ids": ["frame_contextual_intelligence", "frame_intentional_boundaries"],
          "synergy_description": "Contextual intelligence can power smarter boundary recommendations - chronotype learning informs personalized downtime schedules. Time-based transformation can include 'wind down' mode approaching scheduled unavailability, creating smoother transitions."
        },
        {
          "frame_ids": ["frame_authentic_connection", "frame_contextual_intelligence"],
          "synergy_description": "Progressive disclosure of vulnerability features ensures users discover them only when ready and contextually appropriate. Behavioral analytics can identify moments of openness when users might be receptive to authentic sharing prompts rather than pushing uniformly."
        }
      ]
    },
    "metadata": {
      "session_id": "550e8400-e29b-41d4-a716-446655440001",
      "context": "Synthesizing 10 oblique strategy ideas into actionable strategic frames for mobile engagement improvement. Goal: 100% idea coverage, identify false tradeoffs, create coherent implementation paths.",
      "constraints": [
        "All frames must be implementable within existing technical constraints",
        "Must maintain ethical design principles from ideation phase",
        "Frames should be independently viable but also complementary"
      ],
      "tags": ["synthesis", "mobile-engagement", "strategic-frames", "ethical-design"]
    }
  },
  "validation_rules": {
    "idea_coverage_100_percent": true,
    "frame_count_valid": true,
    "false_tradeoff_identified": true,
    "implementation_paths_concrete": true,
    "schema_compliant": true
  }
}
